Flow report for BREG
Sun Nov 18 14:44:48 2018
Quartus II 64-Bit Version 13.0.0 Build 156 04/24/2013 SJ Web Edition


---------------------
; Table of Contents ;
---------------------
  1. Legal Notice
  2. Flow Summary
  3. Flow Settings
  4. Flow Non-Default Global Settings
  5. Flow Elapsed Time
  6. Flow OS Summary
  7. Flow Log
  8. Flow Messages
  9. Flow Suppressed Messages



----------------
; Legal Notice ;
----------------
Copyright (C) 1991-2013 Altera Corporation
Your use of Altera Corporation's design tools, logic functions 
and other software and tools, and its AMPP partner logic 
functions, and any output files from any of the foregoing 
(including device programming or simulation files), and any 
associated documentation or information are expressly subject 
to the terms and conditions of the Altera Program License 
Subscription Agreement, Altera MegaCore Function License 
Agreement, or other applicable license agreement, including, 
without limitation, that your use is for the sole purpose of 
programming logic devices manufactured by Altera and sold by 
Altera or its authorized distributors.  Please refer to the 
applicable agreement for further details.



+---------------------------------------------------------------------------------+
; Flow Summary                                                                    ;
+------------------------------------+--------------------------------------------+
; Flow Status                        ; Successful - Sun Nov 18 14:44:48 2018      ;
; Quartus II 64-Bit Version          ; 13.0.0 Build 156 04/24/2013 SJ Web Edition ;
; Revision Name                      ; BREG                                       ;
; Top-level Entity Name              ; bregMIPS                                   ;
; Family                             ; Cyclone II                                 ;
; Device                             ; EP2C70F896C6                               ;
; Timing Models                      ; Final                                      ;
; Total logic elements               ; 2,398                                      ;
;     Total combinational functions  ; 2,398                                      ;
;     Dedicated logic registers      ; 992                                        ;
; Total registers                    ; 992                                        ;
; Total pins                         ; 114                                        ;
; Total virtual pins                 ; 0                                          ;
; Total memory bits                  ; 0                                          ;
; Embedded Multiplier 9-bit elements ; 0                                          ;
; Total PLLs                         ; 0                                          ;
+------------------------------------+--------------------------------------------+


+-----------------------------------------+
; Flow Settings                           ;
+-------------------+---------------------+
; Option            ; Setting             ;
+-------------------+---------------------+
; Start date & time ; 11/18/2018 14:44:34 ;
; Main task         ; Compilation         ;
; Revision Name     ; BREG                ;
+-------------------+---------------------+


+------------------------------------------------------------------------------------------------------------------------+
; Flow Non-Default Global Settings                                                                                       ;
+--------------------------------------+----------------------------------+---------------+-------------+----------------+
; Assignment Name                      ; Value                            ; Default Value ; Entity Name ; Section Id     ;
+--------------------------------------+----------------------------------+---------------+-------------+----------------+
; COMPILER_SIGNATURE_ID                ; 110073158625057.154255947301444  ; --            ; --          ; --             ;
; EDA_DESIGN_INSTANCE_NAME             ; NA                               ; --            ; --          ; i1             ;
; EDA_NATIVELINK_SIMULATION_TEST_BENCH ; i1                               ; --            ; --          ; eda_simulation ;
; EDA_OUTPUT_DATA_FORMAT               ; Vhdl                             ; --            ; --          ; eda_simulation ;
; EDA_SIMULATION_TOOL                  ; ModelSim-Altera (VHDL)           ; <None>        ; --          ; --             ;
; EDA_TEST_BENCH_ENABLE_STATUS         ; TEST_BENCH_MODE                  ; --            ; --          ; eda_simulation ;
; EDA_TEST_BENCH_FILE                  ; simulation/modelsim/bregMIPS.vht ; --            ; --          ; i1             ;
; EDA_TEST_BENCH_MODULE_NAME           ; bregMIPS_vhd_tst                 ; --            ; --          ; i1             ;
; EDA_TEST_BENCH_NAME                  ; i1                               ; --            ; --          ; eda_simulation ;
; EDA_TEST_BENCH_RUN_SIM_FOR           ; 80 ns                            ; --            ; --          ; i1             ;
; MAX_CORE_JUNCTION_TEMP               ; 85                               ; --            ; --          ; --             ;
; MIN_CORE_JUNCTION_TEMP               ; 0                                ; --            ; --          ; --             ;
; PARTITION_COLOR                      ; 16764057                         ; --            ; bregMIPS    ; Top            ;
; PARTITION_FITTER_PRESERVATION_LEVEL  ; PLACEMENT_AND_ROUTING            ; --            ; bregMIPS    ; Top            ;
; PARTITION_NETLIST_TYPE               ; SOURCE                           ; --            ; bregMIPS    ; Top            ;
; PROJECT_OUTPUT_DIRECTORY             ; output_files                     ; --            ; --          ; --             ;
; TOP_LEVEL_ENTITY                     ; bregMIPS                         ; BREG          ; --          ; --             ;
+--------------------------------------+----------------------------------+---------------+-------------+----------------+


+--------------------------------------------------------------------------------------------------------------------------+
; Flow Elapsed Time                                                                                                        ;
+----------------------+--------------+-------------------------+---------------------+------------------------------------+
; Module Name          ; Elapsed Time ; Average Processors Used ; Peak Virtual Memory ; Total CPU Time (on all processors) ;
+----------------------+--------------+-------------------------+---------------------+------------------------------------+
; Analysis & Synthesis ; 00:00:15     ; 1.0                     ; 4674 MB             ; 00:00:09                           ;
; Total                ; 00:00:15     ; --                      ; --                  ; 00:00:09                           ;
+----------------------+--------------+-------------------------+---------------------+------------------------------------+


+-----------------------------------------------------------------------------------+
; Flow OS Summary                                                                   ;
+----------------------+------------------+-----------+------------+----------------+
; Module Name          ; Machine Hostname ; OS Name   ; OS Version ; Processor type ;
+----------------------+------------------+-----------+------------+----------------+
; Analysis & Synthesis ; LAPTOP-EKV1KU2I  ; Windows 7 ; 6.2        ; x86_64         ;
+----------------------+------------------+-----------+------------+----------------+


------------
; Flow Log ;
------------
quartus_map --read_settings_files=on --write_settings_files=off BREG -c BREG



