------------------------------------------------------------
TimeQuest Timing Analyzer Summary
------------------------------------------------------------

Type  : Slow Model Setup 'clk'
Slack : -12.413
TNS   : -1993.243

Type  : Slow Model Setup 'clk_rom'
Slack : -3.665
TNS   : -213.848

Type  : Slow Model Hold 'clk'
Slack : 0.540
TNS   : 0.000

Type  : Slow Model Hold 'clk_rom'
Slack : 1.230
TNS   : 0.000

Type  : Slow Model Minimum Pulse Width 'clk_rom'
Slack : -2.000
TNS   : -345.380

Type  : Slow Model Minimum Pulse Width 'clk'
Slack : -1.627
TNS   : -731.480

Type  : Fast Model Setup 'clk'
Slack : -5.151
TNS   : -834.783

Type  : Fast Model Setup 'clk_rom'
Slack : -1.460
TNS   : -85.416

Type  : Fast Model Hold 'clk'
Slack : 0.250
TNS   : 0.000

Type  : Fast Model Hold 'clk_rom'
Slack : 0.562
TNS   : 0.000

Type  : Fast Model Minimum Pulse Width 'clk_rom'
Slack : -2.000
TNS   : -345.380

Type  : Fast Model Minimum Pulse Width 'clk'
Slack : -1.627
TNS   : -731.480

------------------------------------------------------------
