------------------------------------------------------------
TimeQuest Timing Analyzer Summary
------------------------------------------------------------

Type  : Slow Model Setup 'clk'
Slack : -12.603
TNS   : -2101.055

Type  : Slow Model Setup 'clk_rom'
Slack : -3.316
TNS   : -204.301

Type  : Slow Model Hold 'clk'
Slack : 0.529
TNS   : 0.000

Type  : Slow Model Hold 'clk_rom'
Slack : 1.111
TNS   : 0.000

Type  : Slow Model Minimum Pulse Width 'clk_rom'
Slack : -2.000
TNS   : -345.380

Type  : Slow Model Minimum Pulse Width 'clk'
Slack : -1.627
TNS   : -731.480

Type  : Fast Model Setup 'clk'
Slack : -5.184
TNS   : -873.452

Type  : Fast Model Setup 'clk_rom'
Slack : -1.460
TNS   : -81.621

Type  : Fast Model Hold 'clk'
Slack : 0.243
TNS   : 0.000

Type  : Fast Model Hold 'clk_rom'
Slack : 0.488
TNS   : 0.000

Type  : Fast Model Minimum Pulse Width 'clk_rom'
Slack : -2.000
TNS   : -345.380

Type  : Fast Model Minimum Pulse Width 'clk'
Slack : -1.627
TNS   : -731.480

------------------------------------------------------------
